// Jest Snapshot v1, https://goo.gl/fbAQLP

exports[`MessageHeader Component should always render a div 1`] = `
<MessageHeader
  groupName="june fellows"
>
  <div
    className="row"
  >
    <div
      className="col s12"
    >
      <span>
        <h5
          className="green-text text-darken-4 card"
          id="welcome-header"
        >
          <strong>
            june fellows
          </strong>
        </h5>
      </span>
    </div>
  </div>
</MessageHeader>
`;
