// Jest Snapshot v1, https://goo.gl/fbAQLP

exports[`NotFoundPage Component should always render a div 1`] = `
<NotFoundPage>
  <div
    className="container"
  >
    <div
      className="row"
    >
      <div
        className="col s12 m6 offset-m3 card red-text custom center not-found"
      >
        <h4>
          <i
            aria-hidden="true"
            className="fa fa-exclamation-triangle"
          />
           404
        </h4>
        <h4>
          Oops!! Page Not Found
        </h4>
      </div>
    </div>
  </div>
</NotFoundPage>
`;
