// Jest Snapshot v1, https://goo.gl/fbAQLP

exports[`PreLoader Component should render a materialize preloader 1`] = `
<div
  className="container"
>
  <div
    className="col s3 offset-s4 my-preloader"
  >
    <div
      className="valign-wrapper preloader-wrapper active"
    >
      <div
        className="spinner-layer spinner-red-only"
      >
        <div
          className="circle-clipper left"
        >
          <div
            className="circle"
          />
        </div>
        <div
          className="gap-patch"
        >
          <div
            className="circle"
          />
        </div>
        <div
          className="circle-clipper right"
        >
          <div
            className="circle"
          />
        </div>
      </div>
    </div>
  </div>
</div>
`;
