// Jest Snapshot v1, https://goo.gl/fbAQLP

exports[`SearchButton Component should render a Link button for searching users 1`] = `
<div
  className="center"
>
  <ReactTooltip
    insecure={true}
    resizeHide={true}
    wrapper="div"
  />
  <Link
    className="searchbtn waves-effect waves-light btn center search-users"
    data-tip="Search Users"
    onlyActiveOnIndex={false}
    style={Object {}}
    to="/search"
  >
    Search Users
  </Link>
</div>
`;
