// Jest Snapshot v1, https://goo.gl/fbAQLP

exports[`User Component should always render div 1`] = `
<User
  user={
    Object {
      "email": "user1@gmail.com",
      "phoneNumber": "08055123456",
      "username": "user1",
    }
  }
>
  <div
    className="card search-user center green-text text-darken-4"
  >
    <span
      className="username"
    >
      Username: 
      user1
    </span>
    <br />
    <span
      className="email"
    >
      Email: 
      user1@gmail.com
    </span>
    <br />
    <span
      className="phoneNumber"
    >
      Phone Number: 
      08055123456
    </span>
  </div>
</User>
`;
